Tue Sep  8 20:34:10 2026       
+-----------------------------------------------------------------------------------------+
| NVIDIA-SMI 580.159.03             Driver Version: 580.159.03     CUDA Version: 13.0     |
+-----------------------------------------+------------------------+----------------------+
| GPU  Name                 Persistence-M | Bus-Id          Disp.A | Volatile Uncorr. ECC |
| Fan  Temp   Perf          Pwr:Usage/Cap |           Memory-Usage | GPU-Util  Compute M. |
|                                         |                        |               MIG M. |
|=========================================+========================+======================|
|   0  NVIDIA GeForce RTX 3090        On  |   00000000:1B:00.0 Off |                  N/A |
| 73%   71C    P2            275W /  275W |   11149MiB /  24576MiB |    100%      Default |
|                                         |                        |                  N/A |
+-----------------------------------------+------------------------+----------------------+
|   1  NVIDIA GeForce RTX 3090        On  |   00000000:1C:00.0 Off |                  N/A |
| 69%   67C    P2            272W /  275W |   10710MiB /  24576MiB |    100%      Default |
|                                         |                        |                  N/A |
+-----------------------------------------+------------------------+----------------------+
|   2  NVIDIA GeForce RTX 3090        On  |   00000000:1D:00.0 Off |                  N/A |
| 30%   33C    P8             22W /  275W |       4MiB /  24576MiB |      0%      Default |
|                                         |                        |                  N/A |
+-----------------------------------------+------------------------+----------------------+
|   3  NVIDIA GeForce RTX 3090        On  |   00000000:1E:00.0 Off |                  N/A |
| 78%   67C    P2            259W /  275W |    8410MiB /  24576MiB |    100%      Default |
|                                         |                        |                  N/A |
+-----------------------------------------+------------------------+----------------------+
|   4  NVIDIA GeForce RTX 3090        On  |   00000000:89:00.0 Off |                  N/A |
| 30%   28C    P8             18W /  275W |       4MiB /  24576MiB |      0%      Default |
|                                         |                        |                  N/A |
+-----------------------------------------+------------------------+----------------------+
|   5  NVIDIA GeForce RTX 3090        On  |   00000000:8A:00.0 Off |                  N/A |
| 96%   73C    P2            274W /  275W |    8408MiB /  24576MiB |    100%      Default |
|                                         |                        |                  N/A |
+-----------------------------------------+------------------------+----------------------+
|   6  NVIDIA GeForce RTX 3090        On  |   00000000:8B:00.0 Off |                  N/A |
| 30%   26C    P8             17W /  275W |       4MiB /  24576MiB |      0%      Default |
|                                         |                        |                  N/A |
+-----------------------------------------+------------------------+----------------------+
|   7  NVIDIA GeForce RTX 3090        On  |   00000000:8C:00.0 Off |                  N/A |
| 30%   42C    P2            111W /  275W |    4118MiB /  24576MiB |     19%      Default |
|                                         |                        |                  N/A |
+-----------------------------------------+------------------------+----------------------+

+-----------------------------------------------------------------------------------------+
| Processes:                                                                              |
|  GPU   GI   CI              PID   Type   Process name                        GPU Memory |
|        ID   ID                                                               Usage      |
|=========================================================================================|
|    0   N/A  N/A         4119991      C   python                                10700MiB |
|    1   N/A  N/A          710060      C   python                                10700MiB |
|    3   N/A  N/A         4122078      C   python                                 8400MiB |
|    5   N/A  N/A          712091      C   python                                 8398MiB |
|    7   N/A  N/A         4119468      C   python                                 4108MiB |
+-----------------------------------------------------------------------------------------+
Launch UTC: 2026-09-08T12:34:10+00:00
Command: bash scripts/run_layerwise_projection_sensitivity.sh results/layerwise_projection_sensitivity --resume 
CUDA_VISIBLE_DEVICES=GPU-74d97f46-6284-1055-698a-e2db4e9c744b
FINISHED 109/109 status=measured output=/nfs/home/s314511048/pcb/results/layerwise_projection_sensitivity
