UTC: 2026-09-08T09:52:38+00:00
Host: basic-2
CWD: /nfs/home/s314511048/pcb
Unable to determine the device handle for GPU2: 0000:1F:00.0: Unknown Error
Tue Sep  8 17:52:38 2026       
+-----------------------------------------------------------------------------------------+
| NVIDIA-SMI 580.159.03             Driver Version: 580.159.03     CUDA Version: 13.0     |
+-----------------------------------------+------------------------+----------------------+
| GPU  Name                 Persistence-M | Bus-Id          Disp.A | Volatile Uncorr. ECC |
| Fan  Temp   Perf          Pwr:Usage/Cap |           Memory-Usage | GPU-Util  Compute M. |
|                                         |                        |               MIG M. |
|=========================================+========================+======================|
|   0  NVIDIA GeForce RTX 3090        On  |   00000000:1D:00.0 Off |                  N/A |
| 30%   30C    P8             21W /  275W |       1MiB /  24576MiB |      0%      Default |
|                                         |                        |                  N/A |
+-----------------------------------------+------------------------+----------------------+
|   1  NVIDIA GeForce RTX 3090        On  |   00000000:1E:00.0 Off |                  N/A |
| 30%   30C    P8             20W /  275W |       1MiB /  24576MiB |      0%      Default |
|                                         |                        |                  N/A |
+-----------------------------------------+------------------------+----------------------+
|   3  NVIDIA GeForce RTX 3090        On  |   00000000:20:00.0 Off |                  N/A |
| 30%   30C    P8             27W /  275W |       1MiB /  24576MiB |      0%      Default |
|                                         |                        |                  N/A |
+-----------------------------------------+------------------------+----------------------+
|   4  NVIDIA GeForce RTX 3090        On  |   00000000:21:00.0 Off |                  N/A |
| 30%   31C    P8             27W /  275W |       1MiB /  24576MiB |      0%      Default |
|                                         |                        |                  N/A |
+-----------------------------------------+------------------------+----------------------+
|   5  NVIDIA GeForce RTX 3090        On  |   00000000:22:00.0 Off |                  N/A |
| 30%   27C    P8             27W /  275W |       1MiB /  24576MiB |      0%      Default |
|                                         |                        |                  N/A |
+-----------------------------------------+------------------------+----------------------+
|   6  NVIDIA GeForce RTX 3090        On  |   00000000:23:00.0 Off |                  N/A |
| 30%   29C    P8             29W /  275W |       1MiB /  24576MiB |      0%      Default |
|                                         |                        |                  N/A |
+-----------------------------------------+------------------------+----------------------+
|   7  NVIDIA GeForce RTX 3090        On  |   00000000:24:00.0 Off |                  N/A |
| 41%   82C    P2            260W /  275W |    7248MiB /  24576MiB |     63%      Default |
|                                         |                        |                  N/A |
+-----------------------------------------+------------------------+----------------------+

+-----------------------------------------------------------------------------------------+
| Processes:                                                                              |
|  GPU   GI   CI              PID   Type   Process name                        GPU Memory |
|        ID   ID                                                               Usage      |
|=========================================================================================|
|    7   N/A  N/A         3844276      C   python                                 7238MiB |
+-----------------------------------------------------------------------------------------+

Exact Python -c source (no ctypes/driver API pre-call):
import os, sys, torch
print("python:", sys.executable)
print("torch:", torch.__version__, "CUDA build:", torch.version.cuda)
print("CUDA_VISIBLE_DEVICES:", os.environ["CUDA_VISIBLE_DEVICES"])
print("Step 1: torch.cuda.init()", flush=True)
torch.cuda.init()
print("device:", torch.cuda.get_device_name(0), "BF16 supported:", torch.cuda.is_bf16_supported())
for dtype in (torch.float32, torch.bfloat16):
    print("Step 2: allocate and matmul", dtype, flush=True)
    x = torch.ones((256, 256), device="cuda:0", dtype=dtype)
    y = x @ x
    torch.cuda.synchronize()
    assert torch.isfinite(y).all().item()
    assert torch.equal(y, torch.full_like(y, 256))
    print("PASS:", dtype, "shape:", tuple(y.shape), "value:", y[0, 0].item())
print("PYTORCH GPU PROBE: PASS")

COMMAND: CUDA_DEVICE_ORDER=PCI_BUS_ID CUDA_VISIBLE_DEVICES=GPU-384b6377-8f0c-e3d2-8b3a-b3408b54fd53 python -u -c "$code"
python: /nfs/home/s314511048/.venv/bin/python
torch: 2.5.1+cu121 CUDA build: 12.1
CUDA_VISIBLE_DEVICES: GPU-384b6377-8f0c-e3d2-8b3a-b3408b54fd53
Step 1: torch.cuda.init()
Traceback (most recent call last):
  File "<string>", line 6, in <module>
  File "/nfs/home/s314511048/.venv/lib/python3.12/site-packages/torch/cuda/__init__.py", line 286, in init
    _lazy_init()
  File "/nfs/home/s314511048/.venv/lib/python3.12/site-packages/torch/cuda/__init__.py", line 319, in _lazy_init
    torch._C._cuda_init()
RuntimeError: CUDA unknown error - this may be due to an incorrectly set up environment, e.g. changing env variable CUDA_VISIBLE_DEVICES after program start. Setting the available devices to be zero.
PROBE EXIT (GPU-384b6377-8f0c-e3d2-8b3a-b3408b54fd53): 1

COMMAND: CUDA_DEVICE_ORDER=PCI_BUS_ID CUDA_VISIBLE_DEVICES=GPU-24d15e85-4019-bdb1-5135-bca2be34d1aa python -u -c "$code"
python: /nfs/home/s314511048/.venv/bin/python
torch: 2.5.1+cu121 CUDA build: 12.1
CUDA_VISIBLE_DEVICES: GPU-24d15e85-4019-bdb1-5135-bca2be34d1aa
Step 1: torch.cuda.init()
Traceback (most recent call last):
  File "<string>", line 6, in <module>
  File "/nfs/home/s314511048/.venv/lib/python3.12/site-packages/torch/cuda/__init__.py", line 286, in init
    _lazy_init()
  File "/nfs/home/s314511048/.venv/lib/python3.12/site-packages/torch/cuda/__init__.py", line 319, in _lazy_init
    torch._C._cuda_init()
RuntimeError: CUDA unknown error - this may be due to an incorrectly set up environment, e.g. changing env variable CUDA_VISIBLE_DEVICES after program start. Setting the available devices to be zero.
PROBE EXIT (GPU-24d15e85-4019-bdb1-5135-bca2be34d1aa): 1
